// Jest Snapshot v1, https://goo.gl/fbAQLP

exports[`matches snapshot DOM node structure 1`] = `
<DocumentFragment>
  <header
    class="header"
  >
    <span
      class="header__span"
    >
      My ToDo List
    </span>
    <nav
      class="header__nav"
    >
      <button
        class="btn header__btn"
      >
        Hide Tasks List
      </button>
    </nav>
  </header>
</DocumentFragment>
`;
